> Task :server:processResources UP-TO-DATE
> Task :server:processTestResources UP-TO-DATE
> Task :patch-engine:compileJava UP-TO-DATE
> Task :patch-engine:processResources UP-TO-DATE
> Task :patch-engine:classes UP-TO-DATE
> Task :patch-engine:jar UP-TO-DATE
> Task :prepareVeltisRuntime UP-TO-DATE
> Task :server:compileJava UP-TO-DATE
> Task :server:classes UP-TO-DATE
> Task :server:compileTestJava UP-TO-DATE
> Task :server:testClasses UP-TO-DATE
WARNING: A terminally deprecated method in sun.misc.Unsafe has been called
WARNING: sun.misc.Unsafe::objectFieldOffset has been called by org.joml.MemUtil$MemUtilUnsafe (file:/D:/Projects%20(Ongoing)/VeltisMC/build/minecraft/26.3/libraries/org/joml/joml/1.10.9/joml-1.10.9.jar)
WARNING: Please consider reporting this to the maintainers of class org.joml.MemUtil$MemUtilUnsafe
WARNING: sun.misc.Unsafe::objectFieldOffset will be removed in a future release
> Task :server:test

BUILD SUCCESSFUL in 8s
9 actionable tasks: 1 executed, 8 up-to-date
Consider enabling configuration cache to speed up this build: https://docs.gradle.org/9.5.1/userguide/configuration_cache_enabling.html
